src/actions/checkout.ts(38,11): error TS2353: Object literal may only specify known properties, and 'customerEmail' does not exist in type '(Without<OrderCreateInput, OrderUncheckedCreateInput> & OrderUncheckedCreateInput) | (Without<...> & OrderCreateInput)'.
src/app/admin/products/NewProductModal.tsx(2,1): error TS2304: Cannot find name 'e'.
src/app/admin/products/page.tsx(25,47): error TS2339: Property 'stock' does not exist on type '{ name: string; id: string; slug: string; description: string | null; price: number; category: string | null; images: string[]; createdAt: Date; }'.
src/app/admin/products/page.tsx(26,45): error TS2339: Property 'stock' does not exist on type '{ name: string; id: string; slug: string; description: string | null; price: number; category: string | null; images: string[]; createdAt: Date; }'.
src/app/admin/products/page.tsx(26,60): error TS2339: Property 'stock' does not exist on type '{ name: string; id: string; slug: string; description: string | null; price: number; category: string | null; images: string[]; createdAt: Date; }'.
src/app/admin/products/page.tsx(128,30): error TS2339: Property 'stock' does not exist on type '{ name: string; id: string; slug: string; description: string | null; price: number; category: string | null; images: string[]; createdAt: Date; }'.
src/app/admin/products/page.tsx(132,33): error TS2339: Property 'stock' does not exist on type '{ name: string; id: string; slug: string; description: string | null; price: number; category: string | null; images: string[]; createdAt: Date; }'.
src/app/admin/products/page.tsx(133,103): error TS2339: Property 'stock' does not exist on type '{ name: string; id: string; slug: string; description: string | null; price: number; category: string | null; images: string[]; createdAt: Date; }'.
src/app/admin/products/page.tsx(135,77): error TS2339: Property 'stock' does not exist on type '{ name: string; id: string; slug: string; description: string | null; price: number; category: string | null; images: string[]; createdAt: Date; }'.
src/app/tienda/[slug]/page.tsx(58,22): error TS2339: Property 'stock' does not exist on type '{ name: string; id: string; slug: string; description: string | null; price: number; category: string | null; images: string[]; createdAt: Date; }'.
src/app/tienda/[slug]/page.tsx(82,78): error TS2339: Property 'stock' does not exist on type '{ name: string; id: string; slug: string; description: string | null; price: number; category: string | null; images: string[]; createdAt: Date; }'.
